// Jest Snapshot v1, https://goo.gl/fbAQLP

exports[`Footer component Snapshot renders the UI as expected 1`] = `
<footer
  className="foot"
>
  <p>
     Â© Lili Fuentes | 2020 
  </p>
</footer>
`;
